// Jest Snapshot v1, https://goo.gl/fbAQLP

exports[`Component: PrivateRoute should render component when user exists 1`] = `<div />`;

exports[`Component: PrivateRoute should render null when user does not exist 1`] = `null`;
